MPLINK 5.08, LINKER
Linker Map File - Created Wed Mar 28 18:22:32 2018

                                 Section Info
                  Section       Type    Address   Location Size(Bytes)
                ---------  ---------  ---------  ---------  ---------
                 RES_VECT       code   0x000000    program   0x000004
                   .cinit    romdata   0x000002    program   0x000004
                MAIN_PROG       code   0x000004    program   0x000012
                    RCCAL       code   0x0003ff    program   0x000002
.config_0FFF_BUILD/DEFAULT/PRODUCTION/COMPARA       code   0x000fff    program   0x000002



                              Program Memory Usage 
                               Start         End      
                           ---------   ---------      
                            0x000000    0x00000c      
                            0x0003ff    0x0003ff      
                            0x000fff    0x000fff      
            15 out of 1029 program addresses used, program memory utilization is 1%



                              Symbols - Sorted by Name
                     Name    Address   Location    Storage File                     
                ---------  ---------  ---------  --------- ---------                
                    START   0x000004    program     static /Users/gabrielmiller/microchipProjects/ComparatorBaselineAsm.X/ComparatorBaselineAsm.asm
                main_loop   0x000008    program     static /Users/gabrielmiller/microchipProjects/ComparatorBaselineAsm.X/ComparatorBaselineAsm.asm



                              Symbols - Sorted by Address
                     Name    Address   Location    Storage File                     
                ---------  ---------  ---------  --------- ---------                
                    START   0x000004    program     static /Users/gabrielmiller/microchipProjects/ComparatorBaselineAsm.X/ComparatorBaselineAsm.asm
                main_loop   0x000008    program     static /Users/gabrielmiller/microchipProjects/ComparatorBaselineAsm.X/ComparatorBaselineAsm.asm


