MPLINK 5.08, LINKER
Linker Map File - Created Sat Mar 24 11:32:25 2018

                                 Section Info
                  Section       Type    Address   Location Size(Bytes)
                ---------  ---------  ---------  ---------  ---------
                 RES_VECT       code   0x000000    program   0x00000a
                   .cinit    romdata   0x000005    program   0x000004
                MAIN_PROG       code   0x000007    program   0x000018
                     SUBS       code   0x000013    program   0x000016
                    RCCAL       code   0x0003ff    program   0x000002
.config_0FFF_BUILD/DEFAULT/PRODUCTION/LEDBLIN       code   0x000fff    program   0x000002
                   .udata      udata   0x000010       data   0x000003



                              Program Memory Usage 
                               Start         End      
                           ---------   ---------      
                            0x000000    0x00001d      
                            0x0003ff    0x0003ff      
                            0x000fff    0x000fff      
            32 out of 1029 program addresses used, program memory utilization is 3%



                              Symbols - Sorted by Name
                     Name    Address   Location    Storage File                     
                ---------  ---------  ---------  --------- ---------                
                    START   0x000007    program     static /Users/gabrielmiller/MPLABXProjects/LEDBlinkWCallBaselineAsm.X/LEDBlinkWCallBaselineAsm.asm
                  delay10   0x000003    program     static /Users/gabrielmiller/MPLABXProjects/LEDBlinkWCallBaselineAsm.X/LEDBlinkWCallBaselineAsm.asm
                delay10_R   0x000013    program     static /Users/gabrielmiller/MPLABXProjects/LEDBlinkWCallBaselineAsm.X/LEDBlinkWCallBaselineAsm.asm
                     dly1   0x000017    program     static /Users/gabrielmiller/MPLABXProjects/LEDBlinkWCallBaselineAsm.X/LEDBlinkWCallBaselineAsm.asm
                     dly2   0x000014    program     static /Users/gabrielmiller/MPLABXProjects/LEDBlinkWCallBaselineAsm.X/LEDBlinkWCallBaselineAsm.asm
                 mainLoop   0x000009    program     static /Users/gabrielmiller/MPLABXProjects/LEDBlinkWCallBaselineAsm.X/LEDBlinkWCallBaselineAsm.asm
                      dc1   0x000010       data     static /Users/gabrielmiller/MPLABXProjects/LEDBlinkWCallBaselineAsm.X/LEDBlinkWCallBaselineAsm.asm
                      dc2   0x000011       data     static /Users/gabrielmiller/MPLABXProjects/LEDBlinkWCallBaselineAsm.X/LEDBlinkWCallBaselineAsm.asm
                      dc3   0x000012       data     static /Users/gabrielmiller/MPLABXProjects/LEDBlinkWCallBaselineAsm.X/LEDBlinkWCallBaselineAsm.asm



                              Symbols - Sorted by Address
                     Name    Address   Location    Storage File                     
                ---------  ---------  ---------  --------- ---------                
                  delay10   0x000003    program     static /Users/gabrielmiller/MPLABXProjects/LEDBlinkWCallBaselineAsm.X/LEDBlinkWCallBaselineAsm.asm
                    START   0x000007    program     static /Users/gabrielmiller/MPLABXProjects/LEDBlinkWCallBaselineAsm.X/LEDBlinkWCallBaselineAsm.asm
                 mainLoop   0x000009    program     static /Users/gabrielmiller/MPLABXProjects/LEDBlinkWCallBaselineAsm.X/LEDBlinkWCallBaselineAsm.asm
                delay10_R   0x000013    program     static /Users/gabrielmiller/MPLABXProjects/LEDBlinkWCallBaselineAsm.X/LEDBlinkWCallBaselineAsm.asm
                     dly2   0x000014    program     static /Users/gabrielmiller/MPLABXProjects/LEDBlinkWCallBaselineAsm.X/LEDBlinkWCallBaselineAsm.asm
                     dly1   0x000017    program     static /Users/gabrielmiller/MPLABXProjects/LEDBlinkWCallBaselineAsm.X/LEDBlinkWCallBaselineAsm.asm
                      dc1   0x000010       data     static /Users/gabrielmiller/MPLABXProjects/LEDBlinkWCallBaselineAsm.X/LEDBlinkWCallBaselineAsm.asm
                      dc2   0x000011       data     static /Users/gabrielmiller/MPLABXProjects/LEDBlinkWCallBaselineAsm.X/LEDBlinkWCallBaselineAsm.asm
                      dc3   0x000012       data     static /Users/gabrielmiller/MPLABXProjects/LEDBlinkWCallBaselineAsm.X/LEDBlinkWCallBaselineAsm.asm


