MPLINK 5.08, LINKER
Linker Map File - Created Fri Mar 23 20:15:48 2018

                                 Section Info
                  Section       Type    Address   Location Size(Bytes)
                ---------  ---------  ---------  ---------  ---------
                 RES_VECT       code   0x000000    program   0x000004
                   .cinit    romdata   0x000002    program   0x000004
                MAIN_PROG       code   0x000004    program   0x000026
                    RCCAL       code   0x0000ff    program   0x000002
.config_0FFF_BUILD/DEFAULT/PRODUCTION/_EXT/10       code   0x000fff    program   0x000002
                   .udata      udata   0x000010       data   0x000003



                              Program Memory Usage 
                               Start         End      
                           ---------   ---------      
                            0x000000    0x000016      
                            0x0000ff    0x0000ff      
                            0x000fff    0x000fff      
            25 out of 261 program addresses used, program memory utilization is 9%



                              Symbols - Sorted by Name
                     Name    Address   Location    Storage File                     
                ---------  ---------  ---------  --------- ---------                
                    START   0x000004    program     static ../TurnOnLedBaseLineAsm.X/LEDBlinkBaselineAsm.asm
                     dly1   0x00000e    program     static ../TurnOnLedBaseLineAsm.X/LEDBlinkBaselineAsm.asm
                     dly2   0x000011    program     static ../TurnOnLedBaseLineAsm.X/LEDBlinkBaselineAsm.asm
                 mainLoop   0x000007    program     static ../TurnOnLedBaseLineAsm.X/LEDBlinkBaselineAsm.asm
                      dc1   0x000011       data     static ../TurnOnLedBaseLineAsm.X/LEDBlinkBaselineAsm.asm
                      dc2   0x000012       data     static ../TurnOnLedBaseLineAsm.X/LEDBlinkBaselineAsm.asm
                    sGPIO   0x000010       data     static ../TurnOnLedBaseLineAsm.X/LEDBlinkBaselineAsm.asm



                              Symbols - Sorted by Address
                     Name    Address   Location    Storage File                     
                ---------  ---------  ---------  --------- ---------                
                    START   0x000004    program     static ../TurnOnLedBaseLineAsm.X/LEDBlinkBaselineAsm.asm
                 mainLoop   0x000007    program     static ../TurnOnLedBaseLineAsm.X/LEDBlinkBaselineAsm.asm
                     dly1   0x00000e    program     static ../TurnOnLedBaseLineAsm.X/LEDBlinkBaselineAsm.asm
                     dly2   0x000011    program     static ../TurnOnLedBaseLineAsm.X/LEDBlinkBaselineAsm.asm
                    sGPIO   0x000010       data     static ../TurnOnLedBaseLineAsm.X/LEDBlinkBaselineAsm.asm
                      dc1   0x000011       data     static ../TurnOnLedBaseLineAsm.X/LEDBlinkBaselineAsm.asm
                      dc2   0x000012       data     static ../TurnOnLedBaseLineAsm.X/LEDBlinkBaselineAsm.asm


