MPLINK 5.08, LINKER
Linker Map File - Created Sat Mar 24 16:28:48 2018

                                 Section Info
                  Section       Type    Address   Location Size(Bytes)
                ---------  ---------  ---------  ---------  ---------
                 RES_VECT       code   0x000000    program   0x000004
                   .cinit    romdata   0x000002    program   0x000004
                MAIN_PROG       code   0x000004    program   0x000014
                    RCCAL       code   0x0003ff    program   0x000002
.config_0FFF_BUILD/DEFAULT/PRODUCTION/COUNTER       code   0x000fff    program   0x000002
               .udata_shr      udata   0x000007       data   0x000001



                              Program Memory Usage 
                               Start         End      
                           ---------   ---------      
                            0x000000    0x00000d      
                            0x0003ff    0x0003ff      
                            0x000fff    0x000fff      
            16 out of 1029 program addresses used, program memory utilization is 1%



                              Symbols - Sorted by Name
                     Name    Address   Location    Storage File                     
                ---------  ---------  ---------  --------- ---------                
                    START   0x000004    program     static /Users/gabrielmiller/microchipProjects/CounterBaselineAsm.X/CounterBaselineAsm.asm
                main_loop   0x000008    program     static /Users/gabrielmiller/microchipProjects/CounterBaselineAsm.X/CounterBaselineAsm.asm
                     temp   0x000007       data     static /Users/gabrielmiller/microchipProjects/CounterBaselineAsm.X/CounterBaselineAsm.asm



                              Symbols - Sorted by Address
                     Name    Address   Location    Storage File                     
                ---------  ---------  ---------  --------- ---------                
                    START   0x000004    program     static /Users/gabrielmiller/microchipProjects/CounterBaselineAsm.X/CounterBaselineAsm.asm
                main_loop   0x000008    program     static /Users/gabrielmiller/microchipProjects/CounterBaselineAsm.X/CounterBaselineAsm.asm
                     temp   0x000007       data     static /Users/gabrielmiller/microchipProjects/CounterBaselineAsm.X/CounterBaselineAsm.asm


