MPLINK 5.08, LINKER
Linker Map File - Created Wed Mar 28 11:06:20 2018

                                 Section Info
                  Section       Type    Address   Location Size(Bytes)
                ---------  ---------  ---------  ---------  ---------
                 RES_VECT       code   0x000000    program   0x000008
                   .cinit    romdata   0x000004    program   0x000004
                MAIN_PROG       code   0x000006    program   0x00000c
.config_2007_BUILD/DEFAULT/PRODUCTION/LEDONMI       code   0x002007    program   0x000002



                              Program Memory Usage 
                               Start         End      
                           ---------   ---------      
                            0x000000    0x00000b      
                            0x002007    0x002007      
            13 out of 1158 program addresses used, program memory utilization is 1%



                              Symbols - Sorted by Name
                     Name    Address   Location    Storage File                     
                ---------  ---------  ---------  --------- ---------                
                    START   0x000006    program     static /Users/gabrielmiller/microchipProjects/LedOnMidrangeAsm.X/LedOnMidrangeAsm.asm
          _MAIN_PROG_0005   0x00000b    program     static /Users/gabrielmiller/microchipProjects/LedOnMidrangeAsm.X/LedOnMidrangeAsm.asm
                main_loop   0x000009    program     static /Users/gabrielmiller/microchipProjects/LedOnMidrangeAsm.X/LedOnMidrangeAsm.asm



                              Symbols - Sorted by Address
                     Name    Address   Location    Storage File                     
                ---------  ---------  ---------  --------- ---------                
                    START   0x000006    program     static /Users/gabrielmiller/microchipProjects/LedOnMidrangeAsm.X/LedOnMidrangeAsm.asm
                main_loop   0x000009    program     static /Users/gabrielmiller/microchipProjects/LedOnMidrangeAsm.X/LedOnMidrangeAsm.asm
          _MAIN_PROG_0005   0x00000b    program     static /Users/gabrielmiller/microchipProjects/LedOnMidrangeAsm.X/LedOnMidrangeAsm.asm


