MPLINK 5.08, LINKER
Linker Map File - Created Fri Mar 23 18:21:57 2018

                                 Section Info
                  Section       Type    Address   Location Size(Bytes)
                ---------  ---------  ---------  ---------  ---------
                 RES_VECT       code   0x000000    program   0x000004
                   .cinit    romdata   0x000002    program   0x000004
                MAIN_PROG       code   0x000004    program   0x00000a
                    RCCAL       code   0x0000ff    program   0x000002
.config_0FFF_BUILD/DEFAULT/PRODUCTION/TURNONL       code   0x000fff    program   0x000002



                              Program Memory Usage 
                               Start         End      
                           ---------   ---------      
                            0x000000    0x000008      
                            0x0000ff    0x0000ff      
                            0x000fff    0x000fff      
            11 out of 261 program addresses used, program memory utilization is 4%



                              Symbols - Sorted by Name
                     Name    Address   Location    Storage File                     
                ---------  ---------  ---------  --------- ---------                
                    START   0x000004    program     static /Users/gabrielmiller/MPLABXProjects/TurnOnLedBaseLineAsm.X/TurnOnLedBaseLineAsm.asm
          _MAIN_PROG_0004   0x000008    program     static /Users/gabrielmiller/MPLABXProjects/TurnOnLedBaseLineAsm.X/TurnOnLedBaseLineAsm.asm



                              Symbols - Sorted by Address
                     Name    Address   Location    Storage File                     
                ---------  ---------  ---------  --------- ---------                
                    START   0x000004    program     static /Users/gabrielmiller/MPLABXProjects/TurnOnLedBaseLineAsm.X/TurnOnLedBaseLineAsm.asm
          _MAIN_PROG_0004   0x000008    program     static /Users/gabrielmiller/MPLABXProjects/TurnOnLedBaseLineAsm.X/TurnOnLedBaseLineAsm.asm


